[10:00:47] TeleDrive build starting. Configuration=Debug
[10:00:47] Log file: C:\Users\MORDEK~1\AppData\Local\Temp\TeleDrive_Build\build_20260909_100047.log
[10:00:47] dotnet SDK version: 10.0.111
  Determining projects to restore...
D:\Programming\Personal_projects_D\TeleDrive\TeleDrive-main\TeleDrive.Core\TeleDrive.Core.csproj : warning NU1603: TeleDrive.Core depends on Telegram.Bot (>= 21.2.0) but Telegram.Bot 21.2.0 was not found. Telegram.Bot 22.0.0 was resolved instead. [D:\Programming\Personal_projects_D\TeleDrive\TeleDrive-main\TeleDrive.sln]
D:\Programming\Personal_projects_D\TeleDrive\TeleDrive-main\TeleDrive.WPF\TeleDrive.WPF.csproj : warning NU1603: TeleDrive.Core depends on Telegram.Bot (>= 21.2.0) but Telegram.Bot 21.2.0 was not found. Telegram.Bot 22.0.0 was resolved instead. [D:\Programming\Personal_projects_D\TeleDrive\TeleDrive-main\TeleDrive.sln]
  All projects are up-to-date for restore.
[10:00:48] Restore succeeded.
D:\Programming\Personal_projects_D\TeleDrive\TeleDrive-main\TeleDrive.Core\TeleDrive.Core.csproj : warning NU1603: TeleDrive.Core depends on Telegram.Bot (>= 21.2.0) but Telegram.Bot 21.2.0 was not found. Telegram.Bot 22.0.0 was resolved instead.
  TeleDrive.Core -> D:\Programming\Personal_projects_D\TeleDrive\TeleDrive-main\TeleDrive.Core\bin\Debug\net8.0\TeleDrive.Core.dll

Build succeeded.

D:\Programming\Personal_projects_D\TeleDrive\TeleDrive-main\TeleDrive.Core\TeleDrive.Core.csproj : warning NU1603: TeleDrive.Core depends on Telegram.Bot (>= 21.2.0) but Telegram.Bot 21.2.0 was not found. Telegram.Bot 22.0.0 was resolved instead.
    1 Warning(s)
    0 Error(s)

Time Elapsed 00:00:01.06
[10:00:50] TeleDrive.Core build succeeded.
D:\Programming\Personal_projects_D\TeleDrive\TeleDrive-main\TeleDrive.WPF\TeleDrive.WPF.csproj : warning NU1603: TeleDrive.Core depends on Telegram.Bot (>= 21.2.0) but Telegram.Bot 21.2.0 was not found. Telegram.Bot 22.0.0 was resolved instead.
D:\Programming\Personal_projects_D\TeleDrive\TeleDrive-main\TeleDrive.Core\TeleDrive.Core.csproj : warning NU1603: TeleDrive.Core depends on Telegram.Bot (>= 21.2.0) but Telegram.Bot 21.2.0 was not found. Telegram.Bot 22.0.0 was resolved instead.
  TeleDrive.Core -> D:\Programming\Personal_projects_D\TeleDrive\TeleDrive-main\TeleDrive.Core\bin\Debug\net8.0\TeleDrive.Core.dll
  TeleDrive.WPF -> D:\Programming\Personal_projects_D\TeleDrive\TeleDrive-main\TeleDrive.WPF\bin\Debug\net8.0-windows\TeleDrive.WPF.dll

Build succeeded.

D:\Programming\Personal_projects_D\TeleDrive\TeleDrive-main\TeleDrive.WPF\TeleDrive.WPF.csproj : warning NU1603: TeleDrive.Core depends on Telegram.Bot (>= 21.2.0) but Telegram.Bot 21.2.0 was not found. Telegram.Bot 22.0.0 was resolved instead.
D:\Programming\Personal_projects_D\TeleDrive\TeleDrive-main\TeleDrive.Core\TeleDrive.Core.csproj : warning NU1603: TeleDrive.Core depends on Telegram.Bot (>= 21.2.0) but Telegram.Bot 21.2.0 was not found. Telegram.Bot 22.0.0 was resolved instead.
    2 Warning(s)
    0 Error(s)

Time Elapsed 00:00:01.62
[10:00:52] TeleDrive.WPF build succeeded.
[10:00:52] BUILD SUCCEEDED.
